{
    "FUSIONINSPECTOR_WORKFLOW - human - stub": {
        "content": [
            {
                "0": [
                    
                ],
                "ch_arriba_visualisation": [
                    
                ]
            }
        ],
        "timestamp": "2026-05-22T16:58:59.761050236",
        "meta": {
            "nf-test": "0.9.5",
            "nextflow": "26.04.1"
        }
    },
    "FUSIONINSPECTOR_WORKFLOW - human": {
        "content": [
            {
                "ch_arriba_visualisation": [
                    
                ]
            }
        ],
        "timestamp": "2026-05-22T16:58:34.581369629",
        "meta": {
            "nf-test": "0.9.5",
            "nextflow": "26.04.1"
        }
    }
}