{
    "FUSIONINSPECTOR_WORKFLOW - human - stub": {
        "content": [
            {
                "0": [
                    
                ],
                "1": [
                    
                ],
                "ch_arriba_visualisation": [
                    
                ],
                "versions": [
                    
                ]
            }
        ],
        "timestamp": "2026-05-19T12:31:22.239413823",
        "meta": {
            "nf-test": "0.9.5",
            "nextflow": "26.04.1"
        }
    },
    "FUSIONINSPECTOR_WORKFLOW - human": {
        "content": [
            [
                
            ]
        ],
        "timestamp": "2026-05-19T12:30:59.587105674",
        "meta": {
            "nf-test": "0.9.5",
            "nextflow": "26.04.1"
        }
    }
}