{
    "Test build references": {
        "content": [
            13,
            {
                "AGAT_CONVERTGFF2BED": {
                    "agat": "v1.5.1"
                },
                "BIOAWK": {
                    "bioawk": 1.0
                },
                "CTATSPLICING_PREPGENOMELIB": {
                    "ctatsplicing": "0.0.2"
                },
                "FUSIONREPORT_DOWNLOAD": {
                    "fusion_report": "4.0.1"
                },
                "GATK4_BEDTOINTERVALLIST": {
                    "gatk4": "4.6.1.0"
                },
                "GATK4_CREATESEQUENCEDICTIONARY": {
                    "gatk4": "4.6.1.0"
                },
                "GFFREAD": {
                    "gffread": "0.12.7"
                },
                "GTF_TO_REFFLAT": {
                    "gtfToGenePred": 377
                },
                "HGNC_DOWNLOAD": {
                    "wget": "1.21.4"
                },
                "SALMON_INDEX": {
                    "salmon": "1.10.3"
                },
                "SAMTOOLS_FAIDX": {
                    "samtools": 1.21
                },
                "STARFUSION_BUILD": {
                    "gunzip": 1.12,
                    "hmmer": 3.4,
                    "STAR-Fusion": "1.15.1"
                },
                "STAR_GENOMEGENERATE": {
                    "star": "2.7.11b",
                    "samtools": 1.21,
                    "gawk": "5.1.0"
                },
                "Workflow": {
                    "nf-core/rnafusion": "v4.0.0dev"
                }
            },
            [
                "agat",
                "agat/minigenome.gtf.bed",
                "bioawk",
                "bioawk/minigenome.gtf_rrna.gtf.gz",
                "gatk4",
                "gatk4/minigenome.dict",
                "pipeline_info",
                "pipeline_info/nf_core_rnafusion_software_mqc_versions.yml",
                "references",
                "references/GRCh38",
                "references/GRCh38/fusion_report_db",
                "references/GRCh38/fusion_report_db/DB-timestamp.txt",
                "references/GRCh38/fusion_report_db/fusion_report.log",
                "references/GRCh38/fusion_report_db/fusiongdb2.db",
                "references/GRCh38/fusion_report_db/mitelman.db",
                "references/GRCh38/gencode_v46",
                "references/GRCh38/gencode_v46/gencode",
                "references/GRCh38/gencode_v46/gencode/minigenome.fa.fai",
                "references/GRCh38/gencode_v46/gencode/minigenome.gtf.fasta",
                "references/GRCh38/gencode_v46/gencode/minigenome.gtf.interval_list",
                "references/GRCh38/gencode_v46/gencode/minigenome.gtf.refflat",
                "references/GRCh38/gencode_v46/salmon",
                "references/GRCh38/gencode_v46/salmon/complete_ref_lens.bin",
                "references/GRCh38/gencode_v46/salmon/ctable.bin",
                "references/GRCh38/gencode_v46/salmon/ctg_offsets.bin",
                "references/GRCh38/gencode_v46/salmon/duplicate_clusters.tsv",
                "references/GRCh38/gencode_v46/salmon/info.json",
                "references/GRCh38/gencode_v46/salmon/mphf.bin",
                "references/GRCh38/gencode_v46/salmon/pos.bin",
                "references/GRCh38/gencode_v46/salmon/pre_indexing.log",
                "references/GRCh38/gencode_v46/salmon/rank.bin",
                "references/GRCh38/gencode_v46/salmon/refAccumLengths.bin",
                "references/GRCh38/gencode_v46/salmon/ref_indexing.log",
                "references/GRCh38/gencode_v46/salmon/reflengths.bin",
                "references/GRCh38/gencode_v46/salmon/refseq.bin",
                "references/GRCh38/gencode_v46/salmon/seq.bin",
                "references/GRCh38/gencode_v46/salmon/versionInfo.json",
                "references/GRCh38/gencode_v46/star",
                "references/GRCh38/gencode_v46/star/Genome",
                "references/GRCh38/gencode_v46/star/Log.out",
                "references/GRCh38/gencode_v46/star/SA",
                "references/GRCh38/gencode_v46/star/SAindex",
                "references/GRCh38/gencode_v46/star/chrLength.txt",
                "references/GRCh38/gencode_v46/star/chrName.txt",
                "references/GRCh38/gencode_v46/star/chrNameLength.txt",
                "references/GRCh38/gencode_v46/star/chrStart.txt",
                "references/GRCh38/gencode_v46/star/exonGeTrInfo.tab",
                "references/GRCh38/gencode_v46/star/exonInfo.tab",
                "references/GRCh38/gencode_v46/star/geneInfo.tab",
                "references/GRCh38/gencode_v46/star/genomeParameters.txt",
                "references/GRCh38/gencode_v46/star/sjdbInfo.txt",
                "references/GRCh38/gencode_v46/star/sjdbList.fromGTF.out.tab",
                "references/GRCh38/gencode_v46/star/sjdbList.out.tab",
                "references/GRCh38/gencode_v46/star/transcriptInfo.tab",
                "references/GRCh38/gencode_v46/starfusion",
                "references/GRCh38/gencode_v46/starfusion/ctat_genome_lib_build_dir",
                "references/GRCh38/gencode_v46/starfusion/ctat_genome_lib_build_dir/AnnotFilterRule.pm",
                "references/GRCh38/gencode_v46/starfusion/ctat_genome_lib_build_dir/PFAM.domtblout.dat.gz",
                "references/GRCh38/gencode_v46/starfusion/ctat_genome_lib_build_dir/__chkpts",
                "references/GRCh38/gencode_v46/starfusion/ctat_genome_lib_build_dir/__chkpts/_fusion_annot_lib.idx.ok",
                "references/GRCh38/gencode_v46/starfusion/ctat_genome_lib_build_dir/__chkpts/_prot_info_db.ok",
                "references/GRCh38/gencode_v46/starfusion/ctat_genome_lib_build_dir/__chkpts/annotfiltrule_cp.ok",
                "references/GRCh38/gencode_v46/starfusion/ctat_genome_lib_build_dir/__chkpts/blast_pairs.idx.ok",
                "references/GRCh38/gencode_v46/starfusion/ctat_genome_lib_build_dir/__chkpts/cp_gene_blast_pairs.ok",
                "references/GRCh38/gencode_v46/starfusion/ctat_genome_lib_build_dir/__chkpts/cp_pfam_dat.ok",
                "references/GRCh38/gencode_v46/starfusion/ctat_genome_lib_build_dir/__chkpts/cp_ref_annot_cdna.ok",
                "references/GRCh38/gencode_v46/starfusion/ctat_genome_lib_build_dir/__chkpts/fusion_annot_lib.cp.ok",
                "references/GRCh38/gencode_v46/starfusion/ctat_genome_lib_build_dir/__chkpts/index_pfam_hits.ok",
                "references/GRCh38/gencode_v46/starfusion/ctat_genome_lib_build_dir/__chkpts/index_ref_annot_cdna.ok",
                "references/GRCh38/gencode_v46/starfusion/ctat_genome_lib_build_dir/__chkpts/makeblastdb.ok",
                "references/GRCh38/gencode_v46/starfusion/ctat_genome_lib_build_dir/__chkpts/mm2.splice_bed.ok",
                "references/GRCh38/gencode_v46/starfusion/ctat_genome_lib_build_dir/__chkpts/mm2_genome_idx.ok",
                "references/GRCh38/gencode_v46/starfusion/ctat_genome_lib_build_dir/__chkpts/ref_annot.cdsplus.dfam_masked.fa.cp.ok",
                "references/GRCh38/gencode_v46/starfusion/ctat_genome_lib_build_dir/__chkpts/ref_annot.cdsplus.dfam_masked.fa.idx.ok",
                "references/GRCh38/gencode_v46/starfusion/ctat_genome_lib_build_dir/__chkpts/ref_annot.gtf.gene_spans.ok",
                "references/GRCh38/gencode_v46/starfusion/ctat_genome_lib_build_dir/__chkpts/ref_annot.gtf.mini.sortu.ok",
                "references/GRCh38/gencode_v46/starfusion/ctat_genome_lib_build_dir/__chkpts/ref_annot.gtf.ok",
                "references/GRCh38/gencode_v46/starfusion/ctat_genome_lib_build_dir/__chkpts/ref_genome.fa.ok",
                "references/GRCh38/gencode_v46/starfusion/ctat_genome_lib_build_dir/__chkpts/ref_genome_fai.ok",
                "references/GRCh38/gencode_v46/starfusion/ctat_genome_lib_build_dir/__chkpts/trans.blast.dat.cp.ok",
                "references/GRCh38/gencode_v46/starfusion/ctat_genome_lib_build_dir/__chkpts/trans.blast.dat.index.ok",
                "references/GRCh38/gencode_v46/starfusion/ctat_genome_lib_build_dir/__chkpts/validate_ctat_genome_lib.ok",
                "references/GRCh38/gencode_v46/starfusion/ctat_genome_lib_build_dir/blast_pairs.dat.gz",
                "references/GRCh38/gencode_v46/starfusion/ctat_genome_lib_build_dir/blast_pairs.idx",
                "references/GRCh38/gencode_v46/starfusion/ctat_genome_lib_build_dir/cancer_splicing_lib",
                "references/GRCh38/gencode_v46/starfusion/ctat_genome_lib_build_dir/cancer_splicing_lib/cancer_splicing.idx",
                "references/GRCh38/gencode_v46/starfusion/ctat_genome_lib_build_dir/fusion_annot_lib.gz",
                "references/GRCh38/gencode_v46/starfusion/ctat_genome_lib_build_dir/fusion_annot_lib.idx",
                "references/GRCh38/gencode_v46/starfusion/ctat_genome_lib_build_dir/pfam_domains.dbm",
                "references/GRCh38/gencode_v46/starfusion/ctat_genome_lib_build_dir/refGene.bed",
                "references/GRCh38/gencode_v46/starfusion/ctat_genome_lib_build_dir/refGene.sort.bed.gz",
                "references/GRCh38/gencode_v46/starfusion/ctat_genome_lib_build_dir/refGene.sort.bed.gz.tbi",
                "references/GRCh38/gencode_v46/starfusion/ctat_genome_lib_build_dir/ref_annot.cdna.fa",
                "references/GRCh38/gencode_v46/starfusion/ctat_genome_lib_build_dir/ref_annot.cdna.fa.idx",
                "references/GRCh38/gencode_v46/starfusion/ctat_genome_lib_build_dir/ref_annot.cds",
                "references/GRCh38/gencode_v46/starfusion/ctat_genome_lib_build_dir/ref_annot.cdsplus.fa",
                "references/GRCh38/gencode_v46/starfusion/ctat_genome_lib_build_dir/ref_annot.cdsplus.fa.idx",
                "references/GRCh38/gencode_v46/starfusion/ctat_genome_lib_build_dir/ref_annot.gtf",
                "references/GRCh38/gencode_v46/starfusion/ctat_genome_lib_build_dir/ref_annot.gtf.gene_spans",
                "references/GRCh38/gencode_v46/starfusion/ctat_genome_lib_build_dir/ref_annot.gtf.mini.sortu",
                "references/GRCh38/gencode_v46/starfusion/ctat_genome_lib_build_dir/ref_annot.gtf.mm2.splice.bed",
                "references/GRCh38/gencode_v46/starfusion/ctat_genome_lib_build_dir/ref_annot.pep",
                "references/GRCh38/gencode_v46/starfusion/ctat_genome_lib_build_dir/ref_annot.prot_info.dbm",
                "references/GRCh38/gencode_v46/starfusion/ctat_genome_lib_build_dir/ref_genome.fa",
                "references/GRCh38/gencode_v46/starfusion/ctat_genome_lib_build_dir/ref_genome.fa.fai",
                "references/GRCh38/gencode_v46/starfusion/ctat_genome_lib_build_dir/ref_genome.fa.mm2",
                "references/GRCh38/gencode_v46/starfusion/ctat_genome_lib_build_dir/ref_genome.fa.ndb",
                "references/GRCh38/gencode_v46/starfusion/ctat_genome_lib_build_dir/ref_genome.fa.nhr",
                "references/GRCh38/gencode_v46/starfusion/ctat_genome_lib_build_dir/ref_genome.fa.nin",
                "references/GRCh38/gencode_v46/starfusion/ctat_genome_lib_build_dir/ref_genome.fa.njs",
                "references/GRCh38/gencode_v46/starfusion/ctat_genome_lib_build_dir/ref_genome.fa.not",
                "references/GRCh38/gencode_v46/starfusion/ctat_genome_lib_build_dir/ref_genome.fa.nsq",
                "references/GRCh38/gencode_v46/starfusion/ctat_genome_lib_build_dir/ref_genome.fa.ntf",
                "references/GRCh38/gencode_v46/starfusion/ctat_genome_lib_build_dir/ref_genome.fa.nto",
                "references/GRCh38/gencode_v46/starfusion/ctat_genome_lib_build_dir/ref_genome.fa.star.idx",
                "references/GRCh38/gencode_v46/starfusion/ctat_genome_lib_build_dir/ref_genome.fa.star.idx/Genome",
                "references/GRCh38/gencode_v46/starfusion/ctat_genome_lib_build_dir/ref_genome.fa.star.idx/Log.out",
                "references/GRCh38/gencode_v46/starfusion/ctat_genome_lib_build_dir/ref_genome.fa.star.idx/SA",
                "references/GRCh38/gencode_v46/starfusion/ctat_genome_lib_build_dir/ref_genome.fa.star.idx/SAindex",
                "references/GRCh38/gencode_v46/starfusion/ctat_genome_lib_build_dir/ref_genome.fa.star.idx/build.ok",
                "references/GRCh38/gencode_v46/starfusion/ctat_genome_lib_build_dir/ref_genome.fa.star.idx/chrLength.txt",
                "references/GRCh38/gencode_v46/starfusion/ctat_genome_lib_build_dir/ref_genome.fa.star.idx/chrName.txt",
                "references/GRCh38/gencode_v46/starfusion/ctat_genome_lib_build_dir/ref_genome.fa.star.idx/chrNameLength.txt",
                "references/GRCh38/gencode_v46/starfusion/ctat_genome_lib_build_dir/ref_genome.fa.star.idx/chrStart.txt",
                "references/GRCh38/gencode_v46/starfusion/ctat_genome_lib_build_dir/ref_genome.fa.star.idx/exonGeTrInfo.tab",
                "references/GRCh38/gencode_v46/starfusion/ctat_genome_lib_build_dir/ref_genome.fa.star.idx/exonInfo.tab",
                "references/GRCh38/gencode_v46/starfusion/ctat_genome_lib_build_dir/ref_genome.fa.star.idx/geneInfo.tab",
                "references/GRCh38/gencode_v46/starfusion/ctat_genome_lib_build_dir/ref_genome.fa.star.idx/genomeParameters.txt",
                "references/GRCh38/gencode_v46/starfusion/ctat_genome_lib_build_dir/ref_genome.fa.star.idx/sjdbInfo.txt",
                "references/GRCh38/gencode_v46/starfusion/ctat_genome_lib_build_dir/ref_genome.fa.star.idx/sjdbList.fromGTF.out.tab",
                "references/GRCh38/gencode_v46/starfusion/ctat_genome_lib_build_dir/ref_genome.fa.star.idx/sjdbList.out.tab",
                "references/GRCh38/gencode_v46/starfusion/ctat_genome_lib_build_dir/ref_genome.fa.star.idx/transcriptInfo.tab",
                "references/GRCh38/gencode_v46/starfusion/ctat_genome_lib_build_dir/trans.blast.align_coords.align_coords.dat",
                "references/GRCh38/gencode_v46/starfusion/ctat_genome_lib_build_dir/trans.blast.align_coords.align_coords.dbm",
                "references/GRCh38/gencode_v46/starfusion/ctat_genome_lib_build_dir/trans.blast.dat.gz",
                "references/GRCh38/hgnc",
                "references/GRCh38/hgnc/HGNC-DB-timestamp.txt",
                "references/GRCh38/hgnc/hgnc_complete_set.txt"
            ],
            [
                "minigenome.gtf.bed:md5,4c881266e0a1b1a41815d05a8055aa40",
                "minigenome.gtf_rrna.gtf.gz:md5,fb03ec66f68bc4becc71c299ed38b62d",
                "minigenome.dict:md5,f2dfb8df1d1f860050fc0dba1399fd9e",
                "fusion_report.log:md5,d41d8cd98f00b204e9800998ecf8427e",
                "minigenome.fa.fai:md5,e3f74a27219b33ae80fd5de5cbeaf32b",
                "minigenome.gtf.fasta:md5,349d42b5dbd73e163cdbad3453d8cd3a",
                "minigenome.gtf.interval_list:md5,6496748a0994cb8a9764761ae74f8004",
                "minigenome.gtf.refflat:md5,ed76bc063c98087f1100a928923758c7",
                "complete_ref_lens.bin:md5,3b6d71ddb3eb8239be6623ab350a636d",
                "ctg_offsets.bin:md5,174ead59c00c5264300d3ff1de673074",
                "duplicate_clusters.tsv:md5,d30ab58d133298ed9ba51f1ba20ce89c",
                "info.json:md5,d91d8a954afcb4be9fe7bfb3e84b5be6",
                "mphf.bin:md5,b364192c6c73de4c38ec2ed0750f5155",
                "rank.bin:md5,3fe9c2dc9da7faff6362510c4f29e87d",
                "refAccumLengths.bin:md5,26d9405e7591ec9a606caa36a094941a",
                "reflengths.bin:md5,187a4a0dee316c5dbf440fa3c58d9eec",
                "refseq.bin:md5,712c4a8d988c15016ea746db7022e549",
                "versionInfo.json:md5,d2c799050e81aa6e282ac8a73e773941",
                "Genome:md5,1621486e3b854fefa37c0b4e77275233",
                "SA:md5,9b6b936f3a8a1232c4fc5533daf9401d",
                "SAindex:md5,8b2025227b78fdc83e3e5b17c0f538f7",
                "chrLength.txt:md5,e02cd536b7281b894246863b160d5d06",
                "chrName.txt:md5,f4d0d6595f423084e6b9472e40dfe6e8",
                "chrNameLength.txt:md5,07a67d7ac441d7d30d80840b0927e717",
                "chrStart.txt:md5,e2031239a74fe5ee9051e9364e4f608a",
                "exonGeTrInfo.tab:md5,3c35618d07a8e35a0f9108699fcdda42",
                "exonInfo.tab:md5,bcbb3f32fa31fe504cc737f337ad341c",
                "geneInfo.tab:md5,db5db4b6e003904e9908fce7c05f0125",
                "sjdbInfo.txt:md5,f044cb1cd38af66c832f3afc4b1655cb",
                "sjdbList.fromGTF.out.tab:md5,8f3e8604b00d4067e4eb80aa476a8113",
                "sjdbList.out.tab:md5,5d78dd49d5db24ca2c056b7ebe5c2059",
                "transcriptInfo.tab:md5,b758c0ccaddcf0453bab5905b3cec4a2",
                "AnnotFilterRule.pm:md5,f94966013cd0df9624a6dda0b75fefa0",
                "_fusion_annot_lib.idx.ok:md5,d41d8cd98f00b204e9800998ecf8427e",
                "_prot_info_db.ok:md5,d41d8cd98f00b204e9800998ecf8427e",
                "annotfiltrule_cp.ok:md5,d41d8cd98f00b204e9800998ecf8427e",
                "blast_pairs.idx.ok:md5,d41d8cd98f00b204e9800998ecf8427e",
                "cp_gene_blast_pairs.ok:md5,d41d8cd98f00b204e9800998ecf8427e",
                "cp_pfam_dat.ok:md5,d41d8cd98f00b204e9800998ecf8427e",
                "cp_ref_annot_cdna.ok:md5,d41d8cd98f00b204e9800998ecf8427e",
                "fusion_annot_lib.cp.ok:md5,d41d8cd98f00b204e9800998ecf8427e",
                "index_pfam_hits.ok:md5,d41d8cd98f00b204e9800998ecf8427e",
                "index_ref_annot_cdna.ok:md5,d41d8cd98f00b204e9800998ecf8427e",
                "makeblastdb.ok:md5,d41d8cd98f00b204e9800998ecf8427e",
                "mm2.splice_bed.ok:md5,d41d8cd98f00b204e9800998ecf8427e",
                "mm2_genome_idx.ok:md5,d41d8cd98f00b204e9800998ecf8427e",
                "ref_annot.cdsplus.dfam_masked.fa.cp.ok:md5,d41d8cd98f00b204e9800998ecf8427e",
                "ref_annot.cdsplus.dfam_masked.fa.idx.ok:md5,d41d8cd98f00b204e9800998ecf8427e",
                "ref_annot.gtf.gene_spans.ok:md5,d41d8cd98f00b204e9800998ecf8427e",
                "ref_annot.gtf.mini.sortu.ok:md5,d41d8cd98f00b204e9800998ecf8427e",
                "ref_annot.gtf.ok:md5,d41d8cd98f00b204e9800998ecf8427e",
                "ref_genome.fa.ok:md5,d41d8cd98f00b204e9800998ecf8427e",
                "ref_genome_fai.ok:md5,d41d8cd98f00b204e9800998ecf8427e",
                "trans.blast.dat.cp.ok:md5,d41d8cd98f00b204e9800998ecf8427e",
                "trans.blast.dat.index.ok:md5,d41d8cd98f00b204e9800998ecf8427e",
                "validate_ctat_genome_lib.ok:md5,d41d8cd98f00b204e9800998ecf8427e",
                "fusion_annot_lib.gz:md5,23d82a5da81f91ca4e1ecd6481992a12",
                "refGene.sort.bed.gz:md5,01bf4093e3e9dcad8ed3a0f45a381c95",
                "refGene.sort.bed.gz.tbi:md5,6dd8cd94a5cd10699fe8445a70c5b232",
                "ref_annot.gtf:md5,5ce8afe99ef3940a877a04caeacf9181",
                "ref_annot.gtf.mini.sortu:md5,1d29ccecdbb7b40a99c84a02d6c2c1be",
                "ref_annot.gtf.mm2.splice.bed:md5,340585ea1843bf06bf555575ddecf28c",
                "ref_genome.fa:md5,ad699c56ed38566c7d3e9579486b1706",
                "ref_genome.fa.fai:md5,e3f74a27219b33ae80fd5de5cbeaf32b",
                "ref_genome.fa.mm2:md5,ce50979ea284748eb9f84ae88cfd930e",
                "ref_genome.fa.ndb:md5,6ea574753b557610f62f6e4ab79e19f5",
                "ref_genome.fa.nhr:md5,50f28dae71683c4394bfaf94a1ef4392",
                "ref_genome.fa.not:md5,1e53e9d08f1d23af0299cfa87478a7bb",
                "ref_genome.fa.nsq:md5,d2361e7871ce4cf51181c112a48f191b",
                "ref_genome.fa.ntf:md5,de1250813f0c7affc6d12dac9d0fb6bb",
                "ref_genome.fa.nto:md5,33cdeccccebe80329f1fdbee7f5874cb",
                "Genome:md5,9e3efdd0901cabb5a2d589664a63b372",
                "SA:md5,7dd9083264be9c6a2194d990bc10d237",
                "SAindex:md5,ac4711df685109e04356db9e9cb9fb7f",
                "build.ok:md5,d41d8cd98f00b204e9800998ecf8427e",
                "chrLength.txt:md5,e02cd536b7281b894246863b160d5d06",
                "chrName.txt:md5,f4d0d6595f423084e6b9472e40dfe6e8",
                "chrNameLength.txt:md5,07a67d7ac441d7d30d80840b0927e717",
                "chrStart.txt:md5,e2031239a74fe5ee9051e9364e4f608a",
                "exonGeTrInfo.tab:md5,3c35618d07a8e35a0f9108699fcdda42",
                "exonInfo.tab:md5,bcbb3f32fa31fe504cc737f337ad341c",
                "geneInfo.tab:md5,db5db4b6e003904e9908fce7c05f0125",
                "sjdbInfo.txt:md5,e4cc1bbf8bd687cfc3d7c2c702e6def7",
                "sjdbList.fromGTF.out.tab:md5,8f3e8604b00d4067e4eb80aa476a8113",
                "sjdbList.out.tab:md5,5d78dd49d5db24ca2c056b7ebe5c2059",
                "transcriptInfo.tab:md5,b758c0ccaddcf0453bab5905b3cec4a2",
                "trans.blast.align_coords.align_coords.dat:md5,9f6b7a75aea03a9671190be25ecdd4c2",
                "trans.blast.dat.gz:md5,85ba5ea96c566f751ad83a3e4b8ab128"
            ]
        ],
        "meta": {
            "nf-test": "0.9.2",
            "nextflow": "25.04.6"
        },
        "timestamp": "2025-08-21T16:53:43.678975494"
    }
}